// Jest Snapshot v1, https://goo.gl/fbAQLP

exports[`<UserInfoBox/> should be defined 1`] = `[Function]`;
