// Jest Snapshot v1, https://goo.gl/fbAQLP

exports[`<Header/> should be defined 1`] = `[Function]`;
