// Jest Snapshot v1, https://goo.gl/fbAQLP

exports[`<ChangePasswordForm/> should be defined 1`] = `[Function]`;
