// Jest Snapshot v1, https://goo.gl/fbAQLP

exports[`<Navigation/> should be defined 1`] = `[Function]`;
