// Jest Snapshot v1, https://goo.gl/fbAQLP

exports[`<SearchBox/> should be defined 1`] = `[Function]`;
