// Jest Snapshot v1, https://goo.gl/fbAQLP

exports[`<Button/> should be defined 1`] = `[Function]`;
