// Jest Snapshot v1, https://goo.gl/fbAQLP

exports[`<Sidebar/> should be defined 1`] = `[Function]`;
