// Jest Snapshot v1, https://goo.gl/fbAQLP

exports[`<App/> should be defined 1`] = `
<ContextConsumer>
  <Component />
</ContextConsumer>
`;
