// Jest Snapshot v1, https://goo.gl/fbAQLP

exports[`<AddUserForm/> should be defined 1`] = `[Function]`;
