// Jest Snapshot v1, https://goo.gl/fbAQLP

exports[`<FlashMessages/> should be defined 1`] = `[Function]`;
