// Jest Snapshot v1, https://goo.gl/fbAQLP

exports[`<DateField/> should be defined 1`] = `[Function]`;
