// Jest Snapshot v1, https://goo.gl/fbAQLP

exports[`<PasswordField/> should be defined 1`] = `[Function]`;
