// Jest Snapshot v1, https://goo.gl/fbAQLP

exports[`<SelectField/> should be defined 1`] = `[Function]`;
