// Jest Snapshot v1, https://goo.gl/fbAQLP

exports[`<TextField/> should be defined 1`] = `[Function]`;
