// Jest Snapshot v1, https://goo.gl/fbAQLP

exports[`<FormModal/> should be defined 1`] = `[Function]`;
