// Jest Snapshot v1, https://goo.gl/fbAQLP

exports[`<Routes/> should be defined 1`] = `
<Route
  render={[Function]}
/>
`;
