// Jest Snapshot v1, https://goo.gl/fbAQLP

exports[`<PageHoc/> should be defined 1`] = `[Function]`;
