// Jest Snapshot v1, https://goo.gl/fbAQLP

exports[`<Form /> should be defined 1`] = `[Function]`;
