// Jest Snapshot v1, https://goo.gl/fbAQLP

exports[`<ForgotPasswordForm/> should be defined 1`] = `[Function]`;
