// Jest Snapshot v1, https://goo.gl/fbAQLP

exports[`<SignUpForm/> should be defined 1`] = `undefined`;
