// Jest Snapshot v1, https://goo.gl/fbAQLP

exports[`<UpdateForgottenPasswordForm/> should be defined 1`] = `[Function]`;
